Accessor MutableCollection.subscript(_:).Get() has generic signature change from <Self where Self : Swift.MutableCollection> to <Self where Self : Swift.MutableCollection, Self.SubSequence == Swift.Slice<Self>>
Accessor MutableCollection.subscript(_:).Set() has generic signature change from <Self where Self : Swift.MutableCollection> to <Self where Self : Swift.MutableCollection, Self.SubSequence == Swift.Slice<Self>>
Protocol CodingKey has added inherited protocol Sendable
Protocol CodingKey has generic signature change from <Self : Swift.CustomDebugStringConvertible, Self : Swift.CustomStringConvertible> to <Self : Swift.CustomDebugStringConvertible, Self : Swift.CustomStringConvertible, Self : Swift.Sendable>
Protocol Error has added inherited protocol Sendable
Protocol Error has generic signature change from to <Self : Swift.Sendable>
Subscript MutableCollection.subscript(_:) has generic signature change from <Self where Self : Swift.MutableCollection> to <Self where Self : Swift.MutableCollection, Self.SubSequence == Swift.Slice<Self>>

// Not actually a source break; the typechecker will find these operations on
// FixedWidthInteger instead.
Func SignedInteger.&+(_:_:) has been removed
Func SignedInteger.&-(_:_:) has been removed

// The GenericSignatureBuilder would produce redundant same-type requirements in the minimized signature; these are now gone.

Protocol Collection has generic signature change from <Self : Swift.Sequence, Self.Element == Self.SubSequence.Element, Self.Index : Swift.Comparable, Self.Index == Self.Indices.Element, Self.Indices : Swift.Collection, Self.Indices == Self.Indices.SubSequence, Self.SubSequence : Swift.Collection, Self.SubSequence == Self.SubSequence.SubSequence, Self.Indices.Element == Self.Indices.Index, Self.Indices.Index == Self.SubSequence.Index, Self.SubSequence.Index == Self.Indices.Indices.Element, Self.Indices.Indices.Element == Self.Indices.Indices.Index, Self.Indices.Indices.Index == Self.SubSequence.Indices.Element, Self.SubSequence.Indices.Element == Self.SubSequence.Indices.Index, Self.SubSequence.Indices.Index == Self.SubSequence.Indices.Indices.Element, Self.SubSequence.Indices.Indices.Element == Self.SubSequence.Indices.Indices.Index> to <Self : Swift.Sequence, Self.Element == Self.SubSequence.Element, Self.Index : Swift.Comparable, Self.Index == Self.Indices.Element, Self.Indices : Swift.Collection, Self.Indices == Self.Indices.SubSequence, Self.SubSequence : Swift.Collection, Self.SubSequence == Self.SubSequence.SubSequence, Self.Indices.Element == Self.Indices.Index, Self.Indices.Index == Self.SubSequence.Index>

Protocol StringProtocol has generic signature change from <Self : Swift.BidirectionalCollection, Self : Swift.Comparable, Self : Swift.ExpressibleByStringInterpolation, Self : Swift.Hashable, Self : Swift.LosslessStringConvertible, Self : Swift.TextOutputStream, Self : Swift.TextOutputStreamable, Self.Element == Swift.Character, Self.Index == Swift.String.Index, Self.StringInterpolation == Swift.DefaultStringInterpolation, Self.SubSequence : Swift.StringProtocol, Self.UTF16View : Swift.BidirectionalCollection, Self.UTF8View : Swift.Collection, Self.UnicodeScalarView : Swift.BidirectionalCollection, Self.UTF16View.Element == Swift.UInt16, Self.UTF16View.Index == Swift.String.Index, Self.UTF8View.Element == Swift.UInt8, Self.UTF8View.Index == Swift.String.Index, Self.UnicodeScalarView.Element == Swift.Unicode.Scalar, Self.UnicodeScalarView.Index == Swift.String.Index, Self.SubSequence.UTF16View.Index == Swift.String.Index, Self.SubSequence.UTF8View.Index == Swift.String.Index, Self.SubSequence.UnicodeScalarView.Index == Swift.String.Index> to <Self : Swift.BidirectionalCollection, Self : Swift.Comparable, Self : Swift.ExpressibleByStringInterpolation, Self : Swift.Hashable, Self : Swift.LosslessStringConvertible, Self : Swift.TextOutputStream, Self : Swift.TextOutputStreamable, Self.Element == Swift.Character, Self.Index == Swift.String.Index, Self.StringInterpolation == Swift.DefaultStringInterpolation, Self.SubSequence : Swift.StringProtocol, Self.UTF16View : Swift.BidirectionalCollection, Self.UTF8View : Swift.Collection, Self.UnicodeScalarView : Swift.BidirectionalCollection, Self.UTF16View.Element == Swift.UInt16, Self.UTF16View.Index == Swift.String.Index, Self.UTF8View.Element == Swift.UInt8, Self.UTF8View.Index == Swift.String.Index, Self.UnicodeScalarView.Element == Swift.Unicode.Scalar, Self.UnicodeScalarView.Index == Swift.String.Index>